Modules list:
-------------
runman.o:
    CODE              Offs=000000  Size=0000C1  Align=00001  Fill=0000
    RODATA            Offs=000000  Size=000004  Align=00001  Fill=0000
    DATA              Offs=000000  Size=00000A  Align=00001  Fill=0000
chardef.o:
    CODE              Offs=0000C1  Size=0000BB  Align=00001  Fill=0000
sprites.o:
    SPRITES           Offs=000000  Size=000080  Align=00001  Fill=0000
C:\MyProgs\CC65\cc65/lib/c64.lib(_directerrno.o):
    CODE              Offs=00017C  Size=00000A  Align=00001  Fill=0000
C:\MyProgs\CC65\cc65/lib/c64.lib(_file.o):
    DATA              Offs=00000A  Size=00001E  Align=00001  Fill=0000
C:\MyProgs\CC65\cc65/lib/c64.lib(_hextab.o):
    RODATA            Offs=000004  Size=000010  Align=00001  Fill=0000
C:\MyProgs\CC65\cc65/lib/c64.lib(_longminstr.o):
    RODATA            Offs=000014  Size=00000C  Align=00001  Fill=0000
C:\MyProgs\CC65\cc65/lib/c64.lib(_mappederrno.o):
    CODE              Offs=000186  Size=000010  Align=00001  Fill=0000
C:\MyProgs\CC65\cc65/lib/c64.lib(_oserror.o):
    BSS               Offs=000000  Size=000001  Align=00001  Fill=0000
C:\MyProgs\CC65\cc65/lib/c64.lib(_printf.o):
    CODE              Offs=000196  Size=0003A5  Align=00001  Fill=0000
    BSS               Offs=000001  Size=00002B  Align=00001  Fill=0000
    DATA              Offs=000028  Size=000003  Align=00001  Fill=0000
C:\MyProgs\CC65\cc65/lib/c64.lib(_seterrno.o):
    CODE              Offs=00053B  Size=000009  Align=00001  Fill=0000
C:\MyProgs\CC65\cc65/lib/c64.lib(addeqsp.o):
    CODE              Offs=000544  Size=000011  Align=00001  Fill=0000
C:\MyProgs\CC65\cc65/lib/c64.lib(addysp.o):
    CODE              Offs=000555  Size=00000E  Align=00001  Fill=0000
C:\MyProgs\CC65\cc65/lib/c64.lib(aslax3.o):
    CODE              Offs=000563  Size=00000E  Align=00001  Fill=0000
C:\MyProgs\CC65\cc65/lib/c64.lib(axlong.o):
    CODE              Offs=000571  Size=00000D  Align=00001  Fill=0000
C:\MyProgs\CC65\cc65/lib/c64.lib(callmain.o):
    CODE              Offs=00057E  Size=000017  Align=00001  Fill=0000
    DATA              Offs=00002B  Size=000004  Align=00001  Fill=0000
C:\MyProgs\CC65\cc65/lib/c64.lib(clrscr.o):
C:\MyProgs\CC65\cc65/lib/c64.lib(condes.o):
    CODE              Offs=000595  Size=00000C  Align=00001  Fill=0000
    DATA              Offs=00002F  Size=000025  Align=00001  Fill=0000
    ONCE              Offs=000000  Size=00000C  Align=00001  Fill=0000
C:\MyProgs\CC65\cc65/lib/c64.lib(crt0.o):
    STARTUP           Offs=000000  Size=000033  Align=00001  Fill=0000
    ONCE              Offs=00000C  Size=00001A  Align=00001  Fill=0000
    INIT              Offs=000000  Size=00001C  Align=00001  Fill=0000
C:\MyProgs\CC65\cc65/lib/c64.lib(ctype.o):
    RODATA            Offs=000020  Size=00008B  Align=00001  Fill=0000
C:\MyProgs\CC65\cc65/lib/c64.lib(ctypemask.o):
    CODE              Offs=0005A1  Size=00001E  Align=00001  Fill=0000
C:\MyProgs\CC65\cc65/lib/c64.lib(decsp4.o):
    CODE              Offs=0005BF  Size=00000D  Align=00001  Fill=0000
C:\MyProgs\CC65\cc65/lib/c64.lib(decsp6.o):
    CODE              Offs=0005CC  Size=00000D  Align=00001  Fill=0000
C:\MyProgs\CC65\cc65/lib/c64.lib(errno.o):
    BSS               Offs=00002C  Size=000002  Align=00001  Fill=0000
C:\MyProgs\CC65\cc65/lib/c64.lib(exehdr.o):
    EXEHDR            Offs=000000  Size=00000C  Align=00001  Fill=0000
C:\MyProgs\CC65\cc65/lib/c64.lib(filedes.o):
    CODE              Offs=0005D9  Size=00000E  Align=00001  Fill=0000
    DATA              Offs=000054  Size=000010  Align=00001  Fill=0000
C:\MyProgs\CC65\cc65/lib/c64.lib(fwrite.o):
    CODE              Offs=0005E7  Size=00007B  Align=00001  Fill=0000
    BSS               Offs=00002E  Size=000002  Align=00001  Fill=0000
C:\MyProgs\CC65\cc65/lib/c64.lib(incax2.o):
    CODE              Offs=000662  Size=000007  Align=00001  Fill=0000
C:\MyProgs\CC65\cc65/lib/c64.lib(incsp2.o):
    CODE              Offs=000669  Size=000016  Align=00001  Fill=0000
C:\MyProgs\CC65\cc65/lib/c64.lib(incsp4.o):
    CODE              Offs=00067F  Size=000005  Align=00001  Fill=0000
C:\MyProgs\CC65\cc65/lib/c64.lib(incsp6.o):
    CODE              Offs=000684  Size=000005  Align=00001  Fill=0000
C:\MyProgs\CC65\cc65/lib/c64.lib(kernal.o):
C:\MyProgs\CC65\cc65/lib/c64.lib(ldaxi.o):
    CODE              Offs=000689  Size=00000D  Align=00001  Fill=0000
C:\MyProgs\CC65\cc65/lib/c64.lib(ldaxsp.o):
    CODE              Offs=000696  Size=000009  Align=00001  Fill=0000
C:\MyProgs\CC65\cc65/lib/c64.lib(lneg.o):
    CODE              Offs=00069F  Size=00001E  Align=00001  Fill=0000
C:\MyProgs\CC65\cc65/lib/c64.lib(loadaddr.o):
    LOADADDR          Offs=000000  Size=000002  Align=00001  Fill=0000
C:\MyProgs\CC65\cc65/lib/c64.lib(lpush.o):
    CODE              Offs=0006BD  Size=000021  Align=00001  Fill=0000
C:\MyProgs\CC65\cc65/lib/c64.lib(ltoa.o):
    CODE              Offs=0006DE  Size=000095  Align=00001  Fill=0000
C:\MyProgs\CC65\cc65/lib/c64.lib(memcpy.o):
    CODE              Offs=000773  Size=00003C  Align=00001  Fill=0000
C:\MyProgs\CC65\cc65/lib/c64.lib(mul.o):
    CODE              Offs=0007AF  Size=000045  Align=00001  Fill=0000
C:\MyProgs\CC65\cc65/lib/c64.lib(mul8.o):
    CODE              Offs=0007F4  Size=00003A  Align=00001  Fill=0000
C:\MyProgs\CC65\cc65/lib/c64.lib(oserror.o):
    CODE              Offs=00082E  Size=000016  Align=00001  Fill=0000
    RODATA            Offs=0000AB  Size=00005A  Align=00001  Fill=0000
C:\MyProgs\CC65\cc65/lib/c64.lib(popptr1.o):
    CODE              Offs=000844  Size=00000E  Align=00001  Fill=0000
C:\MyProgs\CC65\cc65/lib/c64.lib(printf.o):
    CODE              Offs=000852  Size=000033  Align=00001  Fill=0000
    BSS               Offs=000030  Size=000001  Align=00001  Fill=0000
C:\MyProgs\CC65\cc65/lib/c64.lib(push1.o):
    CODE              Offs=000885  Size=000005  Align=00001  Fill=0000
C:\MyProgs\CC65\cc65/lib/c64.lib(pushax.o):
    CODE              Offs=00088A  Size=00001A  Align=00001  Fill=0000
C:\MyProgs\CC65\cc65/lib/c64.lib(pushwsp.o):
    CODE              Offs=0008A4  Size=00001C  Align=00001  Fill=0000
C:\MyProgs\CC65\cc65/lib/c64.lib(rwcommon.o):
    CODE              Offs=0008C0  Size=00001A  Align=00001  Fill=0000
C:\MyProgs\CC65\cc65/lib/c64.lib(status.o):
C:\MyProgs\CC65\cc65/lib/c64.lib(staxsp.o):
    CODE              Offs=0008DA  Size=00000B  Align=00001  Fill=0000
C:\MyProgs\CC65\cc65/lib/c64.lib(strlen.o):
    CODE              Offs=0008E5  Size=000016  Align=00001  Fill=0000
C:\MyProgs\CC65\cc65/lib/c64.lib(strlower.o):
    CODE              Offs=0008FB  Size=000027  Align=00001  Fill=0000
C:\MyProgs\CC65\cc65/lib/c64.lib(udiv.o):
    CODE              Offs=000922  Size=00004F  Align=00001  Fill=0000
C:\MyProgs\CC65\cc65/lib/c64.lib(vfprintf.o):
    CODE              Offs=000971  Size=000061  Align=00001  Fill=0000
    DATA              Offs=000064  Size=000008  Align=00001  Fill=0000
C:\MyProgs\CC65\cc65/lib/c64.lib(write.o):
    CODE              Offs=0009D2  Size=000054  Align=00001  Fill=0000
    ONCE              Offs=000026  Size=000011  Align=00001  Fill=0000
C:\MyProgs\CC65\cc65/lib/c64.lib(zerobss.o):
    CODE              Offs=000A26  Size=000023  Align=00001  Fill=0000
C:\MyProgs\CC65\cc65/lib/c64.lib(zeropage.o):
    ZEROPAGE          Offs=000000  Size=00001A  Align=00001  Fill=0000


Segment list:
-------------
Name                   Start     End    Size  Align
----------------------------------------------------
ZEROPAGE              000002  00001B  00001A  00001
LOADADDR              0007FF  000800  000002  00001
EXEHDR                000801  00080C  00000C  00001
STARTUP               00080D  00083F  000033  00001
CODE                  000840  001288  000A49  00001
RODATA                001289  00138D  000105  00001
DATA                  00138E  0013F9  00006C  00001
INIT                  0013FA  001415  00001C  00001
BSS                   001416  001446  000031  00001
ONCE                  001416  00144E  000039  00001
SPRITES               008900  00897F  000080  00001


Exports list by name:
---------------------
BSOUT                     00FFD2 RLA    CKOUT                     00FFC9 RLA    
CLRCH                     00FFCC RLA    OPEN                      00FFC0 RLA    
READST                    00FFB7 RLA    SETLFS                    00FFBA RLA    
ST                        000090 RLZ    __BSS_RUN__               001416 RLA    
__BSS_SIZE__              000031 REA    __CONSTRUCTOR_COUNT__     000001 REA    
__CONSTRUCTOR_TABLE__     00144D RLA    __DESTRUCTOR_COUNT__      000000 REA    
__DESTRUCTOR_TABLE__      00138E RLA    __EXEHDR__                000001 REA    
__HEADER_LAST__           00080D RLA    __HIMEM__                 00C000 REA    
__LOADADDR__              000001 REA    __MAIN_SIZE__             00B7F3 REA    
__MAIN_START__            00080D RLA    __ONCE_RUN__              001416 RLA    
__SPRITES__               008900 REA    __STACKSIZE__             000800 REA    
__STARTUP__               000001 REA    __ctype                   0012A9 RLA    
__ctypeidx                0012B4 RLA    __directerrno             0009BC RLA    
__errno                   001442 RLA    __hextab                  00128D RLA    
__longminstr              00129D RLA    __mappederrno             0009C6 RLA    
__oserror                 001416 RLA    __osmaperrno              00106E RLA    
__printf                  000AC9 RLA    __seterrno                000D7B RLA    
_clrscr                   00E544 REA    _createUserFont           000901 RLA    
_fwrite                   000E27 RLA    _ltoa                     000F36 RLA    
_main                     000890 RLA    _memcpy                   000FB3 RLA    
_printf                   001092 RLA    _stdout                   0013B2 RLA    
_strlen                   001125 RLA    _strlower                 00113B RLA    
_ultoa                    000F77 RLA    _vfprintf                 0011E9 RLA    
_write                    001212 RLA    addeq0sp                  000D84 RLA    
addeqysp                  000D86 RLA    addysp                    000D96 RLA    
aslax3                    000DA3 RLA    axlong                    000DB1 RLA    
axulong                   000DB7 RLA    callmain                  000DBE RLA    
ctypemaskdirect           000DE5 RLA    decsp4                    000DFF RLA    
decsp6                    000E0C RLA    donelib                   000DD5 RLA    
fdtab                     0013E2 RLA    incax2                    000EA2 RLA    
incsp2                    000EB1 RLA    incsp4                    000EBF RLA    
incsp6                    000EC4 RLA    initlib                   001416 RLA    
initstdout                00143C  LAI   ldax0sp                   000ED6 RLA    
ldaxi                     000EC9 RLA    ldaxysp                   000ED8 RLA    
mul8x16                   001036 RLA    mul8x16a                  001040 RLA    
negeax                    000EDF RLA    popax                     000EA9 RLA    
popptr1                   001084 RLA    ptr1                      00000A RLZ    
ptr2                      00000C RLZ    ptr3                      00000E RLZ    
ptr4                      000010 RLZ    push1                     0010C5 RLA    
pusha0                    0010CC RLA    pushax                    0010CE RLA    
pusheax                   000F06 RLA    pushwysp                  0010E6 RLA    
regbank                   000016 RLZ    rwcommon                  001100 RLA    
sp                        000002 RLZ    sreg                      000004 RLZ    
stax0sp                   00111A RLA    staxysp                   00111C RLA    
tmp1                      000012 RLZ    tmp2                      000013 RLZ    
tosudivax                 001164 RLA    tosumulax                 000FEF RLA    
zerobss                   001266 RLA    


Exports list by value:
----------------------
__DESTRUCTOR_COUNT__      000000 REA    __EXEHDR__                000001 REA    
__CONSTRUCTOR_COUNT__     000001 REA    __STARTUP__               000001 REA    
__LOADADDR__              000001 REA    sp                        000002 RLZ    
sreg                      000004 RLZ    ptr1                      00000A RLZ    
ptr2                      00000C RLZ    ptr3                      00000E RLZ    
ptr4                      000010 RLZ    tmp1                      000012 RLZ    
tmp2                      000013 RLZ    regbank                   000016 RLZ    
__BSS_SIZE__              000031 REA    ST                        000090 RLZ    
__STACKSIZE__             000800 REA    __HEADER_LAST__           00080D RLA    
__MAIN_START__            00080D RLA    _main                     000890 RLA    
_createUserFont           000901 RLA    __directerrno             0009BC RLA    
__mappederrno             0009C6 RLA    __printf                  000AC9 RLA    
__seterrno                000D7B RLA    addeq0sp                  000D84 RLA    
addeqysp                  000D86 RLA    addysp                    000D96 RLA    
aslax3                    000DA3 RLA    axlong                    000DB1 RLA    
axulong                   000DB7 RLA    callmain                  000DBE RLA    
donelib                   000DD5 RLA    ctypemaskdirect           000DE5 RLA    
decsp4                    000DFF RLA    decsp6                    000E0C RLA    
_fwrite                   000E27 RLA    incax2                    000EA2 RLA    
popax                     000EA9 RLA    incsp2                    000EB1 RLA    
incsp4                    000EBF RLA    incsp6                    000EC4 RLA    
ldaxi                     000EC9 RLA    ldax0sp                   000ED6 RLA    
ldaxysp                   000ED8 RLA    negeax                    000EDF RLA    
pusheax                   000F06 RLA    _ltoa                     000F36 RLA    
_ultoa                    000F77 RLA    _memcpy                   000FB3 RLA    
tosumulax                 000FEF RLA    mul8x16                   001036 RLA    
mul8x16a                  001040 RLA    __osmaperrno              00106E RLA    
popptr1                   001084 RLA    _printf                   001092 RLA    
push1                     0010C5 RLA    pusha0                    0010CC RLA    
pushax                    0010CE RLA    pushwysp                  0010E6 RLA    
rwcommon                  001100 RLA    stax0sp                   00111A RLA    
staxysp                   00111C RLA    _strlen                   001125 RLA    
_strlower                 00113B RLA    tosudivax                 001164 RLA    
_vfprintf                 0011E9 RLA    _write                    001212 RLA    
zerobss                   001266 RLA    __hextab                  00128D RLA    
__longminstr              00129D RLA    __ctype                   0012A9 RLA    
__ctypeidx                0012B4 RLA    __DESTRUCTOR_TABLE__      00138E RLA    
_stdout                   0013B2 RLA    fdtab                     0013E2 RLA    
__BSS_RUN__               001416 RLA    __oserror                 001416 RLA    
initlib                   001416 RLA    __ONCE_RUN__              001416 RLA    
initstdout                00143C  LAI   __errno                   001442 RLA    
__CONSTRUCTOR_TABLE__     00144D RLA    __SPRITES__               008900 REA    
__MAIN_SIZE__             00B7F3 REA    __HIMEM__                 00C000 REA    
_clrscr                   00E544 REA    READST                    00FFB7 RLA    
SETLFS                    00FFBA RLA    OPEN                      00FFC0 RLA    
CKOUT                     00FFC9 RLA    CLRCH                     00FFCC RLA    
BSOUT                     00FFD2 RLA    


Imports list:
-------------
BSOUT (kernal.o):
    write.o                   cbm/cbm.inc:49
    crt0.o                    c64/crt0.s:10
CKOUT (kernal.o):
    write.o                   cbm/cbm.inc:45
CLRCH (kernal.o):
    write.o                   cbm/cbm.inc:46
OPEN (kernal.o):
    write.o                   cbm/cbm.inc:35
READST (kernal.o):
    write.o                   cbm/cbm.inc:32
SETLFS (kernal.o):
    write.o                   cbm/cbm.inc:33
ST (status.o):
    crt0.o                    c64/crt0.s:13
__BSS_RUN__ ([linker generated]):
    zerobss.o                 common/zerobss.s:8
__BSS_SIZE__ ([linker generated]):
    zerobss.o                 common/zerobss.s:8
__CONSTRUCTOR_COUNT__ ([linker generated]):
    condes.o                  runtime/condes.s:18
__CONSTRUCTOR_TABLE__ ([linker generated]):
    condes.o                  runtime/condes.s:18
__DESTRUCTOR_COUNT__ ([linker generated]):
    condes.o                  runtime/condes.s:19
__DESTRUCTOR_TABLE__ ([linker generated]):
    condes.o                  runtime/condes.s:19
__EXEHDR__ (exehdr.o):
    [linker generated]        comp.cfg:6
__HEADER_LAST__ ([linker generated]):
    [linker generated]        comp.cfg:15
    [linker generated]        comp.cfg:15
__HIMEM__ ([linker generated]):
    [linker generated]        comp.cfg:16
    [linker generated]        comp.cfg:15
__LOADADDR__ (loadaddr.o):
    [linker generated]        comp.cfg:5
__MAIN_SIZE__ ([linker generated]):
    crt0.o                    c64/crt0.s:11
__MAIN_START__ ([linker generated]):
    crt0.o                    c64/crt0.s:11
__ONCE_RUN__ ([linker generated]):
    [linker generated]        comp.cfg:16
    [linker generated]        comp.cfg:16
__SPRITES__ ([linker generated]):
    [linker generated]        comp.cfg:17
__STACKSIZE__ ([linker generated]):
    [linker generated]        comp.cfg:16
__STARTUP__ (crt0.o):
    runman.o                  runman.s:13
__ctype (ctype.o):
    ctypemask.o               common/ctypemask.s:23
__ctypeidx (ctype.o):
    ctypemask.o               common/ctypemask.s:24
__directerrno (_directerrno.o):
    write.o                   /home/travis/build/cc65/cc65/asminc/errno.inc:10
__errno (errno.o):
    _seterrno.o               /home/travis/build/cc65/cc65/asminc/errno.inc:7
__hextab (_hextab.o):
    ltoa.o                    common/ltoa.s:10
__longminstr (_longminstr.o):
    ltoa.o                    common/ltoa.s:10
__mappederrno (_mappederrno.o):
    write.o                   /home/travis/build/cc65/cc65/asminc/errno.inc:10
__oserror (_oserror.o):
    _mappederrno.o            /home/travis/build/cc65/cc65/asminc/errno.inc:7
    _directerrno.o            /home/travis/build/cc65/cc65/asminc/errno.inc:7
    write.o                   /home/travis/build/cc65/cc65/asminc/errno.inc:7
__osmaperrno (oserror.o):
    _mappederrno.o            /home/travis/build/cc65/cc65/asminc/errno.inc:8
__printf (_printf.o):
    vfprintf.o                common/vfprintf.s:10
__seterrno (_seterrno.o):
    _mappederrno.o            /home/travis/build/cc65/cc65/asminc/errno.inc:9
    _directerrno.o            /home/travis/build/cc65/cc65/asminc/errno.inc:9
    fwrite.o                  /home/travis/build/cc65/cc65/asminc/errno.inc:9
_clrscr (clrscr.o):
    runman.o                  runman.s:15
_createUserFont (chardef.o):
    runman.o                  runman.s:16
_fwrite (fwrite.o):
    vfprintf.o                common/vfprintf.s:10
_ltoa (ltoa.o):
    _printf.o                 common/_printf.s:12
_main (runman.o):
    callmain.o                runtime/callmain.s:11
_memcpy (memcpy.o):
    chardef.o                 chardef/chardef.s:13
_printf (printf.o):
    runman.o                  runman.s:14
_stdout (_file.o):
    printf.o                  common/printf.s:8
_strlen (strlen.o):
    _printf.o                 common/_printf.s:13
_strlower (strlower.o):
    _printf.o                 common/_printf.s:13
_ultoa (ltoa.o):
    _printf.o                 common/_printf.s:12
_vfprintf (vfprintf.o):
    printf.o                  common/printf.s:8
_write (write.o):
    fwrite.o                  common/fwrite.s:10
addeq0sp (addeqsp.o):
    chardef.o                 chardef/chardef.s:126
    runman.o                  runman.s:146
addeqysp (addeqsp.o):
    runman.o                  runman.s:146
addysp (addysp.o):
    fwrite.o                  common/fwrite.s:11
    printf.o                  common/printf.s:8
    incsp6.o                  runtime/incsp6.s:8
    incsp4.o                  runtime/incsp4.s:8
aslax3 (aslax3.o):
    chardef.o                 chardef/chardef.s:126
axlong (axlong.o):
    _printf.o                 common/_printf.s:11
axulong (axlong.o):
    _printf.o                 common/_printf.s:11
callmain (callmain.o):
    crt0.o                    c64/crt0.s:9
ctypemaskdirect (ctypemask.o):
    strlower.o                common/strlower.s:14
decsp4 (decsp4.o):
    lpush.o                   runtime/lpush.s:12
    chardef.o                 chardef/chardef.s:126
    runman.o                  runman.s:146
decsp6 (decsp6.o):
    _printf.o                 common/_printf.s:11
donelib (condes.o):
    crt0.o                    c64/crt0.s:8
fdtab (filedes.o):
    write.o                   cbm/filedes.inc:7
incax2 (incax2.o):
    chardef.o                 chardef/chardef.s:126
incsp2 (incsp2.o):
    popptr1.o                 runtime/popptr1.s:8
    runman.o                  runman.s:146
incsp4 (incsp4.o):
    runman.o                  runman.s:146
incsp6 (incsp6.o):
    fwrite.o                  common/fwrite.s:11
    vfprintf.o                common/vfprintf.s:9
    chardef.o                 chardef/chardef.s:126
initlib (condes.o):
    crt0.o                    c64/crt0.s:8
ldax0sp (ldaxsp.o):
    chardef.o                 chardef/chardef.s:126
    runman.o                  runman.s:146
    runman.o                  runman.s:146
ldaxi (ldaxi.o):
    chardef.o                 chardef/chardef.s:126
ldaxysp (ldaxsp.o):
    fwrite.o                  common/fwrite.s:11
    chardef.o                 chardef/chardef.s:126
    runman.o                  runman.s:146
mul8x16 (mul8.o):
    mul.o                     runtime/mul.s:8
mul8x16a (mul8.o):
    mul.o                     runtime/mul.s:8
negeax (lneg.o):
    ltoa.o                    common/ltoa.s:9
popax (incsp2.o):
    rwcommon.o                cbm/rwcommon.s:9
    ltoa.o                    common/ltoa.s:9
    _printf.o                 common/_printf.s:11
    memcpy.o                  common/memcpy.s:14
popptr1 (popptr1.o):
    rwcommon.o                cbm/rwcommon.s:9
    udiv.o                    runtime/udiv.s:9
    mul8.o                    runtime/mul8.s:9
    mul.o                     runtime/mul.s:9
    ltoa.o                    common/ltoa.s:9
    memcpy.o                  common/memcpy.s:14
ptr1 (zeropage.o):
    write.o                   cbm/write.s:11
    udiv.o                    runtime/udiv.s:10
    strlower.o                common/strlower.s:13
    mul8.o                    runtime/mul8.s:10
    mul.o                     runtime/mul.s:10
    ltoa.o                    common/ltoa.s:11
    fwrite.o                  common/fwrite.s:14
    _printf.o                 /home/travis/build/cc65/cc65/asminc/zeropage.inc:12
    zerobss.o                 common/zerobss.s:9
    vfprintf.o                common/vfprintf.s:11
    printf.o                  common/printf.s:9
    popptr1.o                 runtime/popptr1.s:9
    memcpy.o                  common/memcpy.s:15
    ldaxi.o                   runtime/ldaxi.s:8
    chardef.o                 chardef/chardef.s:11
    runman.o                  runman.s:11
ptr2 (zeropage.o):
    rwcommon.o                cbm/rwcommon.s:10
    write.o                   cbm/write.s:11
    strlower.o                common/strlower.s:13
    strlen.o                  common/strlen.s:12
    ltoa.o                    common/ltoa.s:11
    _printf.o                 /home/travis/build/cc65/cc65/asminc/zeropage.inc:12
    memcpy.o                  common/memcpy.s:15
ptr3 (zeropage.o):
    rwcommon.o                cbm/rwcommon.s:10
    write.o                   cbm/write.s:11
    ltoa.o                    common/ltoa.s:11
    memcpy.o                  common/memcpy.s:15
ptr4 (zeropage.o):
    udiv.o                    runtime/udiv.s:10
    mul8.o                    runtime/mul8.s:10
    mul.o                     runtime/mul.s:10
push1 (push1.o):
    _printf.o                 common/_printf.s:11
    vfprintf.o                common/vfprintf.s:9
pusha0 (pushax.o):
    push1.o                   runtime/push1.s:8
pushax (pushax.o):
    fwrite.o                  common/fwrite.s:11
    callmain.o                runtime/callmain.s:11
    _printf.o                 common/_printf.s:11
    printf.o                  common/printf.s:8
    chardef.o                 chardef/chardef.s:126
    chardef.o                 chardef/chardef.s:126
    runman.o                  runman.s:146
    runman.o                  runman.s:146
pusheax (lpush.o):
    _printf.o                 common/_printf.s:11
pushwysp (pushwsp.o):
    fwrite.o                  common/fwrite.s:11
    vfprintf.o                common/vfprintf.s:9
    runman.o                  runman.s:146
regbank (zeropage.o):
    _printf.o                 /home/travis/build/cc65/cc65/asminc/zeropage.inc:14
rwcommon (rwcommon.o):
    write.o                   cbm/write.s:10
sp (zeropage.o):
    lpush.o                   runtime/lpush.s:13
    decsp6.o                  runtime/decsp6.s:8
    addysp.o                  runtime/addysp.s:8
    _printf.o                 /home/travis/build/cc65/cc65/asminc/zeropage.inc:11
    vfprintf.o                common/vfprintf.s:11
    staxsp.o                  runtime/staxsp.s:8
    pushwsp.o                 runtime/pushwsp.s:8
    pushax.o                  runtime/pushax.s:8
    printf.o                  common/printf.s:9
    popptr1.o                 runtime/popptr1.s:9
    memcpy.o                  common/memcpy.s:15
    ldaxsp.o                  runtime/ldaxsp.s:8
    incsp2.o                  runtime/incsp2.s:8
    decsp4.o                  runtime/decsp4.s:8
    crt0.o                    /home/travis/build/cc65/cc65/asminc/zeropage.inc:11
    addeqsp.o                 runtime/addeqsp.s:8
    chardef.o                 chardef/chardef.s:10
    runman.o                  runman.s:10
sreg (zeropage.o):
    lneg.o                    runtime/lneg.s:11
    udiv.o                    runtime/udiv.s:10
    ltoa.o                    common/ltoa.s:11
    lpush.o                   runtime/lpush.s:13
    axlong.o                  runtime/axlong.s:9
    _printf.o                 /home/travis/build/cc65/cc65/asminc/zeropage.inc:11
    chardef.o                 chardef/chardef.s:10
stax0sp (staxsp.o):
    chardef.o                 chardef/chardef.s:126
    runman.o                  runman.s:146
staxysp (staxsp.o):
    chardef.o                 chardef/chardef.s:126
    runman.o                  runman.s:146
tmp1 (zeropage.o):
    mul.o                     runtime/mul.s:10
    ltoa.o                    common/ltoa.s:11
    _printf.o                 /home/travis/build/cc65/cc65/asminc/zeropage.inc:13
    aslax3.o                  runtime/aslax3.s:8
tmp2 (zeropage.o):
    rwcommon.o                cbm/rwcommon.s:10
tosudivax (udiv.o):
    fwrite.o                  common/fwrite.s:12
tosumulax (mul.o):
    fwrite.o                  common/fwrite.s:12
zerobss (zerobss.o):
    crt0.o                    c64/crt0.s:9

